// Jest Snapshot v1, https://goo.gl/fbAQLP

exports[`appheader creation page renders correctly 1`] = `"<div><header class=\\"MuiPaper-root MuiAppBar-root MuiAppBar-positionStatic MuiAppBar-colorPrimary makeStyles-header-5 MuiPaper-elevation4\\"><div class=\\"MuiContainer-root MuiContainer-maxWidthLg\\"><div class=\\"MuiToolbar-root MuiToolbar-regular MuiToolbar-gutters\\"><a class=\\"makeStyles-link-2\\" href=\\"/home\\"><div class=\\"MuiBox-root MuiBox-root-7\\"><img src=\\"Logo.svg\\" alt=\\"memium logo\\"><h5 class=\\"MuiTypography-root makeStyles-title-4 MuiTypography-h5\\">Memium</h5></div></a><div class=\\"makeStyles-divider-3\\"></div><button class=\\"MuiButtonBase-root MuiIconButton-root makeStyles-menuButton-1 MuiIconButton-colorInherit\\" tabindex=\\"0\\" type=\\"button\\" aria-label=\\"search\\"><span class=\\"MuiIconButton-label\\"><svg class=\\"MuiSvgIcon-root\\" focusable=\\"false\\" viewBox=\\"0 0 24 24\\" aria-hidden=\\"true\\"><path d=\\"M15.5 14h-.79l-.28-.27C15.41 12.59 16 11.11 16 9.5 16 5.91 13.09 3 9.5 3S3 5.91 3 9.5 5.91 16 9.5 16c1.61 0 3.09-.59 4.23-1.57l.27.28v.79l5 4.99L20.49 19l-4.99-5zm-6 0C7.01 14 5 11.99 5 9.5S7.01 5 9.5 5 14 7.01 14 9.5 11.99 14 9.5 14z\\"></path></svg></span><span class=\\"MuiTouchRipple-root\\"></span></button><div><div class=\\"MuiAvatar-root MuiAvatar-circle makeStyles-avatar-6\\"><img src=\\"blob:http://localhost:3000/3dcb8dbb-23c7-4abf-8958-52663e0013da\\" class=\\"MuiAvatar-img\\"></div></div><div></div></div></div></header></div>"`;
