// Jest Snapshot v1, https://goo.gl/fbAQLP

exports[`article card renders correctly 1`] = `"<div class=\\"MuiPaper-root MuiCard-root makeStyles-root-1 MuiPaper-elevation1 MuiPaper-rounded\\"><div class=\\"MuiBox-root MuiBox-root-4\\"><div class=\\"MuiBox-root MuiBox-root-5\\"><h4 class=\\"MuiTypography-root MuiTypography-h4\\">Bio?</h4><div class=\\"MuiBox-root MuiBox-root-6\\"><h6 class=\\"MuiTypography-root makeStyles-wrap-3 MuiTypography-subtitle1 MuiTypography-colorTextSecondary\\"></h6></div><div class=\\"MuiBox-root MuiBox-root-7\\"><h6 class=\\"MuiTypography-root MuiTypography-subtitle1\\"></h6><div><button class=\\"MuiButtonBase-root MuiIconButton-root\\" tabindex=\\"0\\" type=\\"button\\"><span class=\\"MuiIconButton-label\\"><svg class=\\"MuiSvgIcon-root\\" focusable=\\"false\\" viewBox=\\"0 0 24 24\\" aria-hidden=\\"true\\"><path d=\\"M12 21.35l-1.45-1.32C5.4 15.36 2 12.28 2 8.5 2 5.42 4.42 3 7.5 3c1.74 0 3.41.81 4.5 2.09C13.09 3.81 14.76 3 16.5 3 19.58 3 22 5.42 22 8.5c0 3.78-3.4 6.86-8.55 11.54L12 21.35z\\"></path></svg></span><span class=\\"MuiTouchRipple-root\\"></span></button></div></div><h6 class=\\"MuiTypography-root MuiTypography-subtitle2 MuiTypography-colorTextSecondary\\">Sat Mar 06 2021</h6></div><div class=\\"MuiBox-root MuiBox-root-8\\"><div class=\\"MuiAvatar-root MuiAvatar-square makeStyles-articleImage-2 MuiAvatar-colorDefault\\"><svg class=\\"MuiSvgIcon-root MuiAvatar-fallback\\" focusable=\\"false\\" viewBox=\\"0 0 24 24\\" aria-hidden=\\"true\\"><path d=\\"M12 12c2.21 0 4-1.79 4-4s-1.79-4-4-4-4 1.79-4 4 1.79 4 4 4zm0 2c-2.67 0-8 1.34-8 4v2h16v-2c0-2.66-5.33-4-8-4z\\"></path></svg></div></div></div></div>"`;
