// Jest Snapshot v1, https://goo.gl/fbAQLP

exports[`article view page renders correctly 1`] = `"<div class=\\"article-view-page\\"><div><header class=\\"MuiPaper-root MuiAppBar-root MuiAppBar-positionStatic MuiAppBar-colorPrimary makeStyles-header-7 MuiPaper-elevation4\\"><div class=\\"MuiContainer-root MuiContainer-maxWidthLg\\"><div class=\\"MuiToolbar-root MuiToolbar-regular MuiToolbar-gutters\\"><a class=\\"makeStyles-link-4\\" href=\\"/home\\"><div class=\\"MuiBox-root MuiBox-root-9\\"><img src=\\"Logo.svg\\" alt=\\"memium logo\\"><h5 class=\\"MuiTypography-root makeStyles-title-6 MuiTypography-h5\\">Memium</h5></div></a><div class=\\"makeStyles-divider-5\\"></div><button class=\\"MuiButtonBase-root MuiIconButton-root makeStyles-menuButton-3 MuiIconButton-colorInherit\\" tabindex=\\"0\\" type=\\"button\\" aria-label=\\"search\\"><span class=\\"MuiIconButton-label\\"><svg class=\\"MuiSvgIcon-root\\" focusable=\\"false\\" viewBox=\\"0 0 24 24\\" aria-hidden=\\"true\\"><path d=\\"M15.5 14h-.79l-.28-.27C15.41 12.59 16 11.11 16 9.5 16 5.91 13.09 3 9.5 3S3 5.91 3 9.5 5.91 16 9.5 16c1.61 0 3.09-.59 4.23-1.57l.27.28v.79l5 4.99L20.49 19l-4.99-5zm-6 0C7.01 14 5 11.99 5 9.5S7.01 5 9.5 5 14 7.01 14 9.5 11.99 14 9.5 14z\\"></path></svg></span><span class=\\"MuiTouchRipple-root\\"></span></button><div><div class=\\"MuiAvatar-root MuiAvatar-circle makeStyles-avatar-8\\"><img src=\\"blob:http://localhost:3000/3dcb8dbb-23c7-4abf-8958-52663e0013da\\" class=\\"MuiAvatar-img\\"></div></div><div></div></div></div></header></div><div class=\\"MuiContainer-root makeStyles-articleView-1 MuiContainer-maxWidthSm\\"><div class=\\"makeStyles-circleWrap-16\\"><div class=\\"MuiCircularProgress-root MuiCircularProgress-colorPrimary MuiCircularProgress-indeterminate\\" style=\\"width: 40px; height: 40px;\\" role=\\"progressbar\\"><svg class=\\"MuiCircularProgress-svg\\" viewBox=\\"22 22 44 44\\"><circle class=\\"MuiCircularProgress-circle MuiCircularProgress-circleIndeterminate\\" cx=\\"44\\" cy=\\"44\\" r=\\"20.2\\" fill=\\"none\\" stroke-width=\\"3.6\\"></circle></svg></div></div><hr class=\\"MuiDivider-root\\"><div class=\\"makeStyles-comments-2\\"><div class=\\"MuiBox-root MuiBox-root-22 makeStyles-root-18\\"><div><div></div><div><h6 class=\\"MuiTypography-root MuiTypography-h6\\">Добавить комментарий</h6><div class=\\"MuiFormControl-root MuiTextField-root makeStyles-textInput-19\\"><div class=\\"MuiInputBase-root MuiOutlinedInput-root MuiInputBase-formControl MuiInputBase-multiline MuiOutlinedInput-multiline\\"><textarea aria-invalid=\\"false\\" id=\\"outlined-multiline-static\\" rows=\\"4\\" class=\\"MuiInputBase-input MuiOutlinedInput-input MuiInputBase-inputMultiline MuiOutlinedInput-inputMultiline\\"></textarea><fieldset aria-hidden=\\"true\\" style=\\"padding-left: 8px;\\" class=\\"PrivateNotchedOutline-root-23 MuiOutlinedInput-notchedOutline\\"><legend class=\\"PrivateNotchedOutline-legend-24\\" style=\\"width: 0.01px;\\"><span>​</span></legend></fieldset></div></div><button class=\\"MuiButtonBase-root MuiButton-root MuiButton-contained makeStyles-buttonSubmit-21\\" tabindex=\\"0\\" type=\\"button\\"><span class=\\"MuiButton-label\\">Отправить</span><span class=\\"MuiTouchRipple-root\\"></span></button></div></div></div></div></div></div>"`;
