// Jest Snapshot v1, https://goo.gl/fbAQLP

exports[`renders correctly 1`] = `
<div
  className="makeStyles-wrap-1"
>
  <div
    className="MuiAvatar-root MuiAvatar-circle"
  >
    <img
      className="MuiAvatar-img"
      src="blob:http://localhost:3000/678d4330-3d93-4470-98f3-4619ed42c932"
    />
  </div>
  <div
    className="makeStyles-textBlock-3"
  >
    <div
      className="makeStyles-deleteIcon-2"
      onClick={[Function]}
    >
      <svg
        aria-hidden={true}
        className="MuiSvgIcon-root"
        focusable="false"
        viewBox="0 0 24 24"
      >
        <path
          d="M19 6.41L17.59 5 12 10.59 6.41 5 5 6.41 10.59 12 5 17.59 6.41 19 12 13.41 17.59 19 19 17.59 13.41 12z"
        />
      </svg>
    </div>
    <span
      className="MuiTypography-root MuiTypography-subtitle2"
    >
      Круто чел
    </span>
    <span
      className="MuiTypography-root MuiTypography-subtitle2"
    >
      , Mar 06
    </span>
    <div>
      123
    </div>
  </div>
</div>
`;
